// Jest Snapshot v1, https://goo.gl/fbAQLP

exports[`it can be constructed 1`] = `"CypressController needs an binary path to operate"`;
